// Jest Snapshot v1, https://goo.gl/fbAQLP

exports[`Font size selector <FontSizeSelector /> renders correctly 1`] = `
<Connect(FontSizeSelector)>
  <div>
    <div>
      Font Size
    </div>
    <div
      className="ftSelConIn"
      onClick={[Function]}
    >
      <input
        onChange={[Function]}
        onKeyUp={[Function]}
        type="number"
        value="14"
      />
      <div
        className="ftSelConInIm"
      >
        <img
          alt=""
          src="arrowDown.svg"
        />
      </div>
    </div>
    <div
      className="ftSelCtnDrpDwn"
      style={
        Object {
          "display": "none",
        }
      }
    >
      <ul
        onClick={[Function]}
      >
        <li
          data-size="6"
        >
          6
        </li>
        <li
          data-size="8"
        >
          8
        </li>
        <li
          data-size="10"
        >
          10
        </li>
        <li
          data-size="12"
        >
          12
        </li>
        <li
          data-size="14"
        >
          14
        </li>
        <li
          data-size="16"
        >
          16
        </li>
        <li
          data-size="18"
        >
          18
        </li>
        <li
          data-size="21"
        >
          21
        </li>
        <li
          data-size="24"
        >
          24
        </li>
        <li
          data-size="28"
        >
          28
        </li>
        <li
          data-size="32"
        >
          32
        </li>
        <li
          data-size="36"
        >
          36
        </li>
        <li
          data-size="42"
        >
          42
        </li>
        <li
          data-size="48"
        >
          48
        </li>
        <li
          data-size="56"
        >
          56
        </li>
      </ul>
    </div>
  </div>
</Connect(FontSizeSelector)>
`;
